\BOOKMARK [0][-]{chapter.1}{\376\377\000A\000b\000s\000t\000r\000a\000c\000t}{}% 1
\BOOKMARK [0][-]{chapter.2}{\376\377\000I\000n\000t\000r\000o\000d\000u\000c\000t\000i\000o\000n}{}% 2
\BOOKMARK [1][-]{section.2.1}{\376\377\000O\000b\000j\000e\000c\000t\000i\000v\000e\000s}{chapter.2}% 3
\BOOKMARK [0][-]{chapter.3}{\376\377\000S\000t\000a\000t\000e\000\040\000o\000f\000\040\000t\000h\000e\000\040\000A\000r\000t}{}% 4
\BOOKMARK [1][-]{section.3.1}{\376\377\000P\000o\000s\000t\000-\000P\000r\000o\000c\000e\000s\000s\000i\000n\000g\000\040\000C\000a\000p\000a\000b\000i\000l\000i\000t\000i\000e\000s\000\040\000i\000n\000\040\000E\000S\000A\000T\000A\000N\000-\000T\000M\000S}{chapter.3}% 5
\BOOKMARK [1][-]{section.3.2}{\376\377\000S\000t\000e\000a\000d\000y\000-\000S\000t\000a\000t\000e\000\040\000T\000h\000e\000r\000m\000a\000l\000\040\000M\000o\000d\000e\000l\000:\000\040\000H\000E\000L\000I\000O\000S}{chapter.3}% 6
\BOOKMARK [1][-]{section.3.3}{\376\377\000P\000y\000t\000h\000o\000n\000-\000B\000a\000s\000e\000d\000\040\000P\000o\000s\000t\000-\000P\000r\000o\000c\000e\000s\000s\000i\000n\000g\000\040\000o\000f\000\040\000S\000t\000e\000a\000d\000y\000-\000S\000t\000a\000t\000e\000\040\000C\000a\000s\000e\000s}{chapter.3}% 7
\BOOKMARK [1][-]{section.3.4}{\376\377\000M\000o\000t\000i\000v\000a\000t\000i\000o\000n\000\040\000f\000o\000r\000\040\000t\000h\000e\000\040\000P\000r\000e\000s\000e\000n\000t\000\040\000W\000o\000r\000k}{chapter.3}% 8
\BOOKMARK [0][-]{chapter.4}{\376\377\000T\000h\000e\000o\000r\000e\000t\000i\000c\000a\000l\000\040\000B\000a\000c\000k\000g\000r\000o\000u\000n\000d}{}% 9
\BOOKMARK [1][-]{section.4.1}{\376\377\000S\000p\000a\000c\000e\000c\000r\000a\000f\000t\000\040\000T\000h\000e\000r\000m\000a\000l\000\040\000C\000o\000n\000t\000r\000o\000l}{chapter.4}% 10
\BOOKMARK [1][-]{section.4.2}{\376\377\000S\000p\000a\000c\000e\000\040\000T\000h\000e\000r\000m\000a\000l\000\040\000E\000n\000v\000i\000r\000o\000n\000m\000e\000n\000t}{chapter.4}% 11
\BOOKMARK [1][-]{section.4.3}{\376\377\000H\000e\000a\000t\000\040\000T\000r\000a\000n\000s\000f\000e\000r\000\040\000a\000n\000d\000\040\000T\000h\000e\000r\000m\000a\000l\000\040\000E\000n\000e\000r\000g\000y\000\040\000S\000t\000o\000r\000a\000g\000e}{chapter.4}% 12
\BOOKMARK [2][-]{subsection.4.3.1}{\376\377\000C\000o\000n\000d\000u\000c\000t\000i\000o\000n\000\040\000H\000e\000a\000t\000\040\000T\000r\000a\000n\000s\000f\000e\000r}{section.4.3}% 13
\BOOKMARK [2][-]{subsection.4.3.2}{\376\377\000R\000a\000d\000i\000a\000t\000i\000o\000n\000\040\000H\000e\000a\000t\000\040\000T\000r\000a\000n\000s\000f\000e\000r}{section.4.3}% 14
\BOOKMARK [2][-]{subsection.4.3.3}{\376\377\000T\000h\000e\000r\000m\000a\000l\000\040\000C\000a\000p\000a\000c\000i\000t\000a\000n\000c\000e\000\040\000a\000n\000d\000\040\000T\000r\000a\000n\000s\000i\000e\000n\000t\000\040\000R\000e\000s\000p\000o\000n\000s\000e}{section.4.3}% 15
\BOOKMARK [1][-]{section.4.4}{\376\377\000M\000a\000t\000h\000e\000m\000a\000t\000i\000c\000a\000l\000\040\000M\000o\000d\000e\000l\000l\000i\000n\000g\000\040\000o\000f\000\040\000S\000p\000a\000c\000e\000c\000r\000a\000f\000t\000\040\000T\000h\000e\000r\000m\000a\000l\000\040\000S\000y\000s\000t\000e\000m\000s}{chapter.4}% 16
\BOOKMARK [2][-]{subsection.4.4.1}{\376\377\000S\000p\000a\000t\000i\000a\000l\000\040\000D\000i\000s\000c\000r\000e\000t\000i\000s\000a\000t\000i\000o\000n\000\040\000A\000p\000p\000r\000o\000a\000c\000h\000e\000s}{section.4.4}% 17
\BOOKMARK [2][-]{subsection.4.4.2}{\376\377\000\040\000L\000u\000m\000p\000e\000d\000\040\000P\000a\000r\000a\000m\000e\000t\000e\000r\000\040\000M\000e\000t\000h\000o\000d\000\040\000\050\000L\000P\000M\000\051\000\040}{section.4.4}% 18
\BOOKMARK [2][-]{subsection.4.4.3}{\376\377\000S\000t\000e\000a\000d\000y\000-\000S\000t\000a\000t\000e\000\040\000a\000n\000d\000\040\000T\000r\000a\000n\000s\000i\000e\000n\000t\000\040\000F\000o\000r\000m\000u\000l\000a\000t\000i\000o\000n\000s}{section.4.4}% 19
\BOOKMARK [2][-]{subsection.4.4.4}{\376\377\000P\000e\000r\000i\000o\000d\000i\000c\000\040\000T\000h\000e\000r\000m\000a\000l\000\040\000R\000e\000s\000p\000o\000n\000s\000e\000\040\000a\000n\000d\000\040\000C\000y\000c\000l\000i\000c\000\040\000C\000o\000n\000v\000e\000r\000g\000e\000n\000c\000e}{section.4.4}% 20
\BOOKMARK [1][-]{section.4.5}{\376\377\000\040\000T\000h\000e\000r\000m\000a\000l\000\040\000M\000o\000d\000e\000l\000l\000i\000n\000g\000\040\000a\000n\000d\000\040\000S\000o\000l\000u\000t\000i\000o\000n\000\040\000F\000r\000a\000m\000e\000w\000o\000r\000k\000\040\000i\000n\000\040\000E\000S\000A\000T\000A\000N\000-\000T\000M\000S\000\040}{chapter.4}% 21
\BOOKMARK [2][-]{subsection.4.5.1}{\376\377\000G\000e\000o\000m\000e\000t\000r\000i\000c\000a\000l\000\040\000a\000n\000d\000\040\000R\000a\000d\000i\000a\000t\000i\000v\000e\000\040\000M\000o\000d\000e\000l\000s}{section.4.5}% 22
\BOOKMARK [2][-]{subsection.4.5.2}{\376\377\000T\000h\000e\000r\000m\000a\000l\000\040\000N\000e\000t\000w\000o\000r\000k\000\040\000R\000e\000p\000r\000e\000s\000e\000n\000t\000a\000t\000i\000o\000n}{section.4.5}% 23
\BOOKMARK [2][-]{subsection.4.5.3}{\376\377\000I\000m\000p\000l\000e\000m\000e\000n\000t\000a\000t\000i\000o\000n\000\040\000o\000f\000\040\000S\000t\000e\000a\000d\000y\000-\000S\000t\000a\000t\000e\000,\000\040\000T\000r\000a\000n\000s\000i\000e\000n\000t\000\040\000a\000n\000d\000\040\000C\000y\000c\000l\000i\000c\000\040\000S\000o\000l\000u\000t\000i\000o\000n\000s}{section.4.5}% 24
\BOOKMARK [0][-]{chapter.5}{\376\377\000T\000h\000e\000r\000m\000a\000l\000\040\000M\000o\000d\000e\000l\000\040\000D\000e\000v\000e\000l\000o\000p\000m\000e\000n\000t\000\040\000a\000n\000d\000\040\000A\000n\000a\000l\000y\000s\000i\000s\000\040\000C\000a\000s\000e\000s}{}% 25
\BOOKMARK [1][-]{section.5.1}{\376\377\000M\000o\000d\000e\000l\000\040\000D\000e\000v\000e\000l\000o\000p\000m\000e\000n\000t\000\040\000a\000n\000d\000\040\000G\000e\000o\000m\000e\000t\000r\000i\000c\000a\000l\000\040\000C\000o\000n\000f\000i\000g\000u\000r\000a\000t\000i\000o\000n}{chapter.5}% 26
\BOOKMARK [1][-]{section.5.2}{\376\377\000T\000h\000e\000r\000m\000a\000l\000\040\000M\000o\000d\000e\000l\000\040\000H\000i\000e\000r\000a\000r\000c\000h\000y}{chapter.5}% 27
\BOOKMARK [1][-]{section.5.3}{\376\377\000M\000a\000t\000e\000r\000i\000a\000l\000\040\000a\000n\000d\000\040\000S\000u\000r\000f\000a\000c\000e\000\040\000P\000r\000o\000p\000e\000r\000t\000i\000e\000s}{chapter.5}% 28
\BOOKMARK [2][-]{subsection.5.3.1}{\376\377\000B\000u\000l\000k\000\040\000P\000r\000o\000p\000e\000r\000t\000i\000e\000s}{section.5.3}% 29
\BOOKMARK [2][-]{subsection.5.3.2}{\376\377\000T\000h\000e\000r\000m\000o\000-\000o\000p\000t\000i\000c\000a\000l\000\040\000P\000r\000o\000p\000e\000r\000t\000i\000e\000s}{section.5.3}% 30
\BOOKMARK [1][-]{section.5.4}{\376\377\000N\000o\000d\000a\000l\000\040\000D\000i\000s\000c\000r\000e\000t\000i\000s\000a\000t\000i\000o\000n\000\040\000a\000n\000d\000\040\000T\000h\000e\000r\000m\000a\000l\000\040\000N\000e\000t\000w\000o\000r\000k\000\040\000D\000e\000f\000i\000n\000i\000t\000i\000o\000n}{chapter.5}% 31
\BOOKMARK [1][-]{section.5.5}{\376\377\000O\000r\000b\000i\000t\000a\000l\000\040\000E\000n\000v\000i\000r\000o\000n\000m\000e\000n\000t\000\040\000a\000n\000d\000\040\000R\000a\000d\000i\000a\000t\000i\000v\000e\000\040\000C\000a\000s\000e\000s}{chapter.5}% 32
\BOOKMARK [1][-]{section.5.6}{\376\377\000T\000r\000a\000n\000s\000i\000e\000n\000t\000\040\000A\000n\000a\000l\000y\000s\000i\000s\000\040\000C\000a\000s\000e\000s}{chapter.5}% 33
\BOOKMARK [2][-]{subsection.5.6.1}{\376\377\000D\000e\000f\000i\000n\000i\000t\000i\000o\000n\000\040\000o\000f\000\040\000A\000n\000a\000l\000y\000s\000i\000s\000\040\000C\000a\000s\000e\000s}{section.5.6}% 34
\BOOKMARK [2][-]{subsection.5.6.2}{\376\377\000S\000o\000l\000v\000e\000r\000\040\000C\000o\000n\000f\000i\000g\000u\000r\000a\000t\000i\000o\000n\000\040\000a\000n\000d\000\040\000T\000e\000m\000p\000o\000r\000a\000l\000\040\000S\000a\000m\000p\000l\000i\000n\000g}{section.5.6}% 35
\BOOKMARK [1][-]{section.5.7}{\376\377\000T\000h\000e\000r\000m\000a\000l\000\040\000M\000o\000d\000e\000l\000\040\000V\000e\000r\000i\000f\000i\000c\000a\000t\000i\000o\000n}{chapter.5}% 36
\BOOKMARK [1][-]{section.5.8}{\376\377\000S\000i\000m\000u\000l\000a\000t\000i\000o\000n\000\040\000R\000e\000s\000u\000l\000t\000s\000\040\000E\000x\000p\000o\000r\000t\000\040\000i\000n\000\040\000T\000M\000D\000\040\000F\000o\000r\000m\000a\000t}{chapter.5}% 37
\BOOKMARK [0][-]{chapter.6}{\376\377\000M\000u\000l\000t\000i\000-\000C\000a\000s\000e\000\040\000P\000o\000s\000t\000-\000P\000r\000o\000c\000e\000s\000s\000i\000n\000g\000\040\000T\000o\000o\000l}{}% 38
\BOOKMARK [1][-]{section.6.1}{\376\377\000E\000v\000o\000l\000u\000t\000i\000o\000n\000\040\000o\000f\000\040\000t\000h\000e\000\040\000O\000r\000i\000g\000i\000n\000a\000l\000\040\000P\000o\000s\000t\000-\000P\000r\000o\000c\000e\000s\000s\000i\000n\000g\000\040\000A\000p\000p\000l\000i\000c\000a\000t\000i\000o\000n}{chapter.6}% 39
\BOOKMARK [1][-]{section.6.2}{\376\377\000A\000p\000p\000l\000i\000c\000a\000t\000i\000o\000n\000\040\000A\000r\000c\000h\000i\000t\000e\000c\000t\000u\000r\000e\000\040\000a\000n\000d\000\040\000D\000a\000t\000a\000\040\000F\000l\000o\000w}{chapter.6}% 40
\BOOKMARK [1][-]{section.6.3}{\376\377\000M\000u\000l\000t\000i\000-\000C\000a\000s\000e\000\040\000L\000o\000a\000d\000i\000n\000g\000\040\000a\000n\000d\000\040\000C\000a\000s\000e\000\040\000O\000r\000g\000a\000n\000i\000s\000a\000t\000i\000o\000n}{chapter.6}% 41
\BOOKMARK [1][-]{section.6.4}{\376\377\000F\000u\000n\000c\000t\000i\000o\000n\000a\000l\000\040\000A\000d\000a\000p\000t\000a\000t\000i\000o\000n\000\040\000o\000f\000\040\000t\000h\000e\000\040\000A\000p\000p\000l\000i\000c\000a\000t\000i\000o\000n\000\040\000I\000n\000t\000e\000r\000f\000a\000c\000e}{chapter.6}% 42
\BOOKMARK [2][-]{subsection.6.4.1}{\376\377\000T\000i\000m\000e\000\040\000S\000e\000l\000e\000c\000t\000i\000o\000n}{section.6.4}% 43
\BOOKMARK [2][-]{subsection.6.4.2}{\376\377\000M\000u\000l\000t\000i\000-\000C\000a\000s\000e\000\040\000R\000e\000p\000r\000e\000s\000e\000n\000t\000a\000t\000i\000o\000n\000\040\000O\000p\000t\000i\000o\000n\000s}{section.6.4}% 44
\BOOKMARK [1][-]{section.6.5}{\376\377\000S\000a\000v\000i\000n\000g\000,\000\040\000R\000e\000s\000t\000o\000r\000i\000n\000g\000\040\000a\000n\000d\000\040\000E\000x\000p\000o\000r\000t\000i\000n\000g\000\040\000A\000n\000a\000l\000y\000s\000e\000s}{chapter.6}% 45
\BOOKMARK [0][-]{chapter.7}{\376\377\000T\000r\000a\000n\000s\000i\000e\000n\000t\000\040\000T\000h\000e\000r\000m\000a\000l\000\040\000A\000n\000a\000l\000y\000s\000i\000s}{}% 46
\BOOKMARK [1][-]{section.7.1}{\376\377\000T\000e\000m\000p\000e\000r\000a\000t\000u\000r\000e\000\040\000a\000n\000d\000\040\000T\000h\000e\000r\000m\000a\000l\000-\000L\000o\000a\000d\000\040\000E\000v\000o\000l\000u\000t\000i\000o\000n}{chapter.7}% 47
\BOOKMARK [1][-]{section.7.2}{\376\377\000I\000n\000t\000e\000r\000f\000a\000c\000e\000\040\000T\000e\000m\000p\000e\000r\000a\000t\000u\000r\000e\000-\000D\000i\000f\000f\000e\000r\000e\000n\000c\000e\000\040\000A\000n\000a\000l\000y\000s\000i\000s}{chapter.7}% 48
\BOOKMARK [1][-]{section.7.3}{\376\377\000T\000e\000m\000p\000e\000r\000a\000t\000u\000r\000e\000\040\000V\000a\000r\000i\000a\000t\000i\000o\000n\000\040\000o\000v\000e\000r\000\040\000S\000e\000l\000e\000c\000t\000e\000d\000\040\000T\000i\000m\000e\000\040\000W\000i\000n\000d\000o\000w\000s}{chapter.7}% 49
\BOOKMARK [1][-]{section.7.4}{\376\377\000T\000r\000a\000n\000s\000i\000e\000n\000t\000\040\000T\000h\000e\000r\000m\000a\000l\000\040\000S\000u\000m\000m\000a\000r\000y\000\040\000T\000a\000b\000l\000e}{chapter.7}% 50
\BOOKMARK [1][-]{section.7.5}{\376\377\000C\000o\000n\000d\000u\000c\000t\000i\000v\000e\000\040\000a\000n\000d\000\040\000R\000a\000d\000i\000a\000t\000i\000v\000e\000\040\000H\000e\000a\000t\000-\000F\000l\000o\000w\000\040\000E\000v\000o\000l\000u\000t\000i\000o\000n}{chapter.7}% 51
\BOOKMARK [1][-]{section.7.6}{\376\377\000A\000b\000s\000o\000r\000b\000e\000d\000\040\000a\000n\000d\000\040\000R\000e\000l\000e\000a\000s\000e\000d\000\040\000T\000h\000e\000r\000m\000a\000l\000\040\000E\000n\000e\000r\000g\000y}{chapter.7}% 52
\BOOKMARK [0][-]{chapter.8}{\376\377\000E\000l\000e\000c\000t\000r\000i\000c\000a\000l\000\040\000P\000o\000w\000e\000r\000\040\000B\000a\000l\000a\000n\000c\000e\000\040\000a\000n\000d\000\040\000B\000a\000t\000t\000e\000r\000y\000\040\000M\000o\000d\000e\000l\000l\000i\000n\000g}{}% 53
\BOOKMARK [1][-]{section.8.1}{\376\377\000S\000o\000l\000a\000r\000\040\000G\000e\000n\000e\000r\000a\000t\000i\000o\000n\000\040\000a\000n\000d\000\040\000E\000l\000e\000c\000t\000r\000i\000c\000a\000l\000\040\000P\000o\000w\000e\000r\000\040\000B\000a\000l\000a\000n\000c\000e}{chapter.8}% 54
\BOOKMARK [2][-]{subsection.8.1.1}{\376\377\000S\000o\000l\000a\000r\000-\000t\000o\000-\000E\000l\000e\000c\000t\000r\000i\000c\000a\000l\000\040\000C\000o\000n\000v\000e\000r\000s\000i\000o\000n\000\040\000a\000n\000d\000\040\000L\000o\000a\000d\000\040\000D\000e\000m\000a\000n\000d}{section.8.1}% 55
\BOOKMARK [2][-]{subsection.8.1.2}{\376\377\000I\000n\000p\000u\000t\000\040\000C\000o\000n\000f\000i\000g\000u\000r\000a\000t\000i\000o\000n\000\040\000a\000n\000d\000\040\000R\000e\000s\000u\000l\000t\000s}{section.8.1}% 56
\BOOKMARK [1][-]{section.8.2}{\376\377\000B\000a\000t\000t\000e\000r\000y\000\040\000M\000o\000d\000e\000l}{chapter.8}% 57
\BOOKMARK [2][-]{subsection.8.2.1}{\376\377\000E\000n\000e\000r\000g\000y\000-\000B\000a\000s\000e\000d\000\040\000F\000o\000r\000m\000u\000l\000a\000t\000i\000o\000n\000\040\000a\000n\000d\000\040\000M\000o\000d\000e\000l\000\040\000S\000c\000o\000p\000e}{section.8.2}% 58
\BOOKMARK [2][-]{subsection.8.2.2}{\376\377\000P\000a\000c\000k\000\040\000C\000o\000n\000f\000i\000g\000u\000r\000a\000t\000i\000o\000n\000\040\000a\000n\000d\000\040\000C\000h\000a\000r\000g\000e\040\023\000D\000i\000s\000c\000h\000a\000r\000g\000e\000\040\000C\000o\000n\000t\000r\000o\000l}{section.8.2}% 59
\BOOKMARK [2][-]{subsection.8.2.3}{\376\377\000B\000a\000t\000t\000e\000r\000y\000\040\000O\000u\000t\000p\000u\000t\000s\000\040\000a\000n\000d\000\040\000S\000u\000m\000m\000a\000r\000y\000\040\000R\000e\000s\000u\000l\000t\000s}{section.8.2}% 60
\BOOKMARK [0][-]{chapter.9}{\376\377\000M\000u\000l\000t\000i\000-\000C\000a\000s\000e\000\040\000R\000e\000s\000u\000l\000t\000s\000\040\000a\000n\000d\000\040\000D\000i\000s\000c\000u\000s\000s\000i\000o\000n}{}% 61
\BOOKMARK [1][-]{section.9.1}{\376\377\000C\000a\000s\000e\000s\000\040\000a\000n\000d\000\040\000C\000o\000m\000p\000a\000r\000i\000s\000o\000n\000\040\000C\000r\000i\000t\000e\000r\000i\000a}{chapter.9}% 62
\BOOKMARK [1][-]{section.9.2}{\376\377\000T\000h\000e\000r\000m\000a\000l\000\040\000R\000e\000s\000p\000o\000n\000s\000e}{chapter.9}% 63
\BOOKMARK [2][-]{subsection.9.2.1}{\376\377\000A\000p\000p\000l\000i\000e\000d\000\040\000L\000o\000a\000d\000s\000\040\000a\000n\000d\000\040\000T\000e\000m\000p\000e\000r\000a\000t\000u\000r\000e\000s}{section.9.2}% 64
\BOOKMARK [2][-]{subsection.9.2.2}{\376\377\000T\000e\000m\000p\000e\000r\000a\000t\000u\000r\000e\000\040\000V\000a\000r\000i\000a\000t\000i\000o\000n\000s\000\040\000a\000n\000d\000\040\000I\000n\000t\000e\000r\000f\000a\000c\000e\000\040\000D\000i\000f\000f\000e\000r\000e\000n\000c\000e\000s}{section.9.2}% 65
\BOOKMARK [2][-]{subsection.9.2.3}{\376\377\000H\000e\000a\000t\000\040\000F\000l\000o\000w\000s\000\040\000a\000n\000d\000\040\000N\000e\000t\000\040\000E\000n\000e\000r\000g\000y\000\040\000T\000r\000a\000n\000s\000f\000e\000r}{section.9.2}% 66
\BOOKMARK [1][-]{section.9.3}{\376\377\000E\000l\000e\000c\000t\000r\000i\000c\000a\000l\000\040\000a\000n\000d\000\040\000B\000a\000t\000t\000e\000r\000y\000\040\000R\000e\000s\000p\000o\000n\000s\000e}{chapter.9}% 67
\BOOKMARK [2][-]{subsection.9.3.1}{\376\377\000S\000o\000l\000a\000r\000\040\000G\000e\000n\000e\000r\000a\000t\000i\000o\000n\000\040\000a\000n\000d\000\040\000L\000o\000a\000d\000\040\000D\000e\000m\000a\000n\000d}{section.9.3}% 68
\BOOKMARK [2][-]{subsection.9.3.2}{\376\377\000B\000a\000t\000t\000e\000r\000y\000\040\000S\000t\000a\000t\000e\000\040\000a\000n\000d\000\040\000O\000p\000e\000r\000a\000t\000i\000n\000g\000\040\000L\000i\000m\000i\000t\000s}{section.9.3}% 69
\BOOKMARK [1][-]{section.9.4}{\376\377\000O\000v\000e\000r\000a\000l\000l\000\040\000C\000o\000m\000p\000a\000r\000i\000s\000o\000n}{chapter.9}% 70
\BOOKMARK [0][-]{chapter.10}{\376\377\000C\000o\000n\000c\000l\000u\000s\000i\000o\000n\000s\000\040\000a\000n\000d\000\040\000F\000u\000t\000u\000r\000e\000\040\000W\000o\000r\000k}{}% 71
\BOOKMARK [1][-]{section.10.1}{\376\377\000C\000o\000n\000c\000l\000u\000s\000i\000o\000n\000s}{chapter.10}% 72
\BOOKMARK [1][-]{section.10.2}{\376\377\000F\000u\000t\000u\000r\000e\000\040\000W\000o\000r\000k}{chapter.10}% 73
\BOOKMARK [0][-]{section.10.2}{\376\377\000R\000e\000f\000e\000r\000e\000n\000c\000e\000s}{}% 74
\BOOKMARK [0][-]{section*.100}{\376\377\000E\000v\000o\000l\000u\000t\000i\000o\000n\000\040\000o\000f\000\040\000t\000h\000e\000\040\000I\000n\000h\000e\000r\000i\000t\000e\000d\000\040\000I\000n\000s\000p\000e\000c\000t\000i\000o\000n\000\040\000M\000o\000d\000u\000l\000e\000s}{}% 75
\BOOKMARK [1][-]{section.Alph1.1}{\376\377\000F\000l\000o\000w\000\040\000E\000x\000p\000l\000o\000r\000e\000r}{section*.100}% 76
\BOOKMARK [1][-]{section.Alph1.2}{\376\377\000C\000a\000s\000e\000\040\000I\000n\000f\000o\000r\000m\000a\000t\000i\000o\000n}{section*.100}% 77
\BOOKMARK [1][-]{section.Alph1.3}{\376\377\000G\000r\000o\000u\000p\000\040\000A\000t\000t\000r\000i\000b\000u\000t\000e\000s}{section*.100}% 78
\BOOKMARK [1][-]{section.Alph1.4}{\376\377\000L\000i\000n\000e\000a\000r\000\040\000a\000n\000d\000\040\000R\000a\000d\000i\000a\000t\000i\000v\000e\000\040\000C\000o\000n\000d\000u\000c\000t\000o\000r\000s}{section*.100}% 79
\BOOKMARK [1][-]{section.Alph1.5}{\376\377\000N\000o\000d\000e\000s\000\040\000a\000n\000d\000\040\000G\000r\000o\000u\000p\000\040\000S\000t\000u\000d\000y}{section*.100}% 80
\BOOKMARK [1][-]{section.Alph1.6}{\376\377\000S\000u\000m\000m\000a\000r\000y\000\040\000o\000f\000\040\000t\000h\000e\000\040\000I\000n\000h\000e\000r\000i\000t\000e\000d\000\040\000M\000o\000d\000u\000l\000e\000s}{section*.100}% 81
\BOOKMARK [0][-]{section*.110}{\376\377\000S\000e\000c\000o\000n\000d\000a\000r\000y\000\040\000I\000m\000p\000l\000e\000m\000e\000n\000t\000a\000t\000i\000o\000n\000\040\000I\000m\000p\000r\000o\000v\000e\000m\000e\000n\000t\000s}{}% 82
\BOOKMARK [1][-]{section.Alph2.1}{\376\377\000C\000o\000m\000p\000a\000r\000i\000s\000o\000n\000\040\000o\000f\000\040\000I\000n\000i\000t\000i\000a\000l\000\040\000a\000n\000d\000\040\000F\000i\000n\000a\000l\000\040\000B\000e\000h\000a\000v\000i\000o\000u\000r}{section*.110}% 83
\BOOKMARK [1][-]{section.Alph2.2}{\376\377\000H\000i\000e\000r\000a\000r\000c\000h\000y\000\040\000S\000a\000f\000e\000g\000u\000a\000r\000d\000s\000\040\000a\000n\000d\000\040\000T\000i\000m\000e\000-\000D\000e\000p\000e\000n\000d\000e\000n\000t\000\040\000I\000n\000s\000p\000e\000c\000t\000i\000o\000n}{section*.110}% 84
\BOOKMARK [1][-]{section.Alph2.3}{\376\377\000C\000o\000n\000d\000u\000c\000t\000o\000r\000\040\000I\000n\000s\000p\000e\000c\000t\000i\000o\000n\000\040\000a\000n\000d\000\040\000I\000n\000t\000e\000r\000f\000a\000c\000e\000\040\000D\000e\000t\000e\000c\000t\000i\000o\000n}{section*.110}% 85
\BOOKMARK [1][-]{section.Alph2.4}{\376\377\000I\000n\000p\000u\000t\000\040\000V\000a\000l\000i\000d\000a\000t\000i\000o\000n\000\040\000a\000n\000d\000\040\000U\000s\000e\000r\000\040\000F\000e\000e\000d\000b\000a\000c\000k}{section*.110}% 86
\BOOKMARK [1][-]{section.Alph2.5}{\376\377\000P\000e\000r\000s\000i\000s\000t\000e\000n\000t\000\040\000A\000n\000a\000l\000y\000s\000i\000s\000\040\000S\000t\000o\000r\000a\000g\000e}{section*.110}% 87
\BOOKMARK [1][-]{section.Alph2.6}{\376\377\000S\000o\000u\000r\000c\000e\000-\000C\000o\000d\000e\000\040\000R\000e\000o\000r\000g\000a\000n\000i\000s\000a\000t\000i\000o\000n}{section*.110}% 88
